======================================================================
last__w8a32__i640__e2e1.tflite @ cpu
======================================================================
--------- beginning of main
09-07 12:30:04.738 29193 29193 I tflite  : Log parameter values verbosely: [0]
09-07 12:30:04.738 29193 29193 I tflite  : Min num runs: [25]
09-07 12:30:04.738 29193 29193 I tflite  : Num threads: [4]
09-07 12:30:04.738 29193 29193 I tflite  : Graph: [/data/local/tmp/last__w8a32__i640__e2e1.tflite]
09-07 12:30:04.739 29193 29193 I tflite  : Signature to run: []
09-07 12:30:04.739 29193 29193 I tflite  : #threads used for CPU inference: [4]
09-07 12:30:04.739 29193 29193 I tflite  : Use gpu: [0]
09-07 12:30:04.739 29193 29193 I tflite  : Use NNAPI: [0]
09-07 12:30:04.743 29193 29193 I tflite  : Loaded model /data/local/tmp/last__w8a32__i640__e2e1.tflite
09-07 12:30:04.758 29193 29193 I tflite  : Initialized TensorFlow Lite runtime.
09-07 12:30:04.775 29193 29193 I tflite  : Created TensorFlow Lite XNNPACK delegate for CPU.
09-07 12:30:04.777 29193 29193 I tflite  : Replacing 500 out of 559 node(s) with delegate (TfLiteXNNPackDelegate) node, yielding 19 partitions for subgraph 0.
09-07 12:30:04.888 29193 29193 I tflite  : The input model file size (MB): 3.24988
09-07 12:30:04.888 29193 29193 I tflite  : Initialized session in 147.476ms.
09-07 12:30:04.916 29193 29193 I tflite  : Running benchmark for at least 1 iterations and at least 0.5 seconds but terminate if exceeding 150 seconds.
09-07 12:30:05.672 29193 29193 I tflite  : count=2 first=392155 curr=359394 min=359394 max=392155 avg=375774 std=16380 p5=359394 median=392155 p95=392155
09-07 12:30:05.672 29193 29193 I tflite  : Running benchmark for at least 25 iterations and at least 1 seconds but terminate if exceeding 150 seconds.
09-07 12:30:12.946 29193 29193 I tflite  : count=25 first=338061 curr=276877 min=276060 max=379659 avg=290006 std=23538 p5=276278 median=279157 p95=338061
09-07 12:30:12.946 29193 29193 I tflite  : Inference timings in us: Init: 147476, First inference: 392155, Warmup (avg): 375774, Inference (avg): 290006
09-07 12:30:12.946 29193 29193 I tflite  : Note: as the benchmark tool itself affects memory footprint, the following is only APPROXIMATE to the actual memory footprint of the model at runtime. Take the information at your discretion.
09-07 12:30:12.946 29193 29193 I tflite  : Memory footprint delta from the start of the tool (MB): init=66.707 overall=103.086
